{"level":"error","message":"TimeStamp: Sun Jan 21 2024 06:00:02 GMT+0530 (India Standard Time) req URL: \"\" error msg: oops! something went wrong...Try again later!","service":"error-logging"}
{"level":"error","message":"TimeStamp: Sun Jan 21 2024 06:01:18 GMT+0530 (India Standard Time) req URL: \"\" error msg: ReferenceError: ewUser is not defined","service":"error-logging"}
{"level":"error","message":"TimeStamp: Sun Jan 21 2024 06:01:51 GMT+0530 (India Standard Time) req URL: \"\" error msg: ewUser is not defined","service":"error-logging"}
{"level":"error","message":"TimeStamp: Sun Jan 21 2024 06:04:27 GMT+0530 (India Standard Time) req URL: \"\" error msg: ReferenceError: ewUser is not defined","service":"error-logging"}
{"level":"error","message":"TimeStamp: Sun Jan 21 2024 06:19:57 GMT+0530 (India Standard Time) error msg: ReferenceError: emil is not defined","service":"error-logging"}
{"level":"error","message":"TimeStamp: Sun Jan 21 2024 07:34:54 GMT+0530 (India Standard Time) error msg: TypeError: Cannot read properties of undefined (reading 'filename')","service":"error-logging"}
{"level":"error","message":"TimeStamp: Sun Jan 21 2024 07:36:59 GMT+0530 (India Standard Time) error msg: TypeError: Cannot read properties of undefined (reading 'filename')","service":"error-logging"}
{"level":"error","message":"TimeStamp: Sun Jan 21 2024 07:38:15 GMT+0530 (India Standard Time) error msg: TypeError: Cannot read properties of undefined (reading 'filename')","service":"error-logging"}
{"level":"error","message":"TimeStamp: Sun Jan 21 2024 07:42:33 GMT+0530 (India Standard Time) error msg: TypeError: Cannot read properties of undefined (reading 'filename')","service":"error-logging"}
{"level":"error","message":"TimeStamp: Sun Jan 21 2024 07:43:27 GMT+0530 (India Standard Time) error msg: TypeError: Cannot read properties of undefined (reading 'filename')","service":"error-logging"}
{"level":"error","message":"TimeStamp: Sun Jan 21 2024 07:44:38 GMT+0530 (India Standard Time) error msg: TypeError: Cannot read properties of undefined (reading 'filename')","service":"error-logging"}
{"level":"error","message":"TimeStamp: Sun Jan 21 2024 07:47:07 GMT+0530 (India Standard Time) error msg: TypeError: Cannot read properties of undefined (reading 'filename')","service":"error-logging"}
{"level":"error","message":"TimeStamp: Sun Jan 21 2024 07:48:33 GMT+0530 (India Standard Time) error msg: TypeError: Cannot read properties of undefined (reading 'filename')","service":"error-logging"}
{"level":"error","message":"TimeStamp: Sun Jan 21 2024 07:49:13 GMT+0530 (India Standard Time) error msg: TypeError: Cannot read properties of undefined (reading 'filename')","service":"error-logging"}
{"level":"error","message":"TimeStamp: Sun Jan 21 2024 08:10:54 GMT+0530 (India Standard Time) error msg: TypeError: Cannot read properties of undefined (reading 'filename')","service":"error-logging"}
{"level":"error","message":"TimeStamp: Sun Jan 21 2024 09:40:33 GMT+0530 (India Standard Time) error msg: BSONError: input must be a 24 character hex string, 12 byte Uint8Array, or an integer","service":"error-logging"}
{"level":"error","message":"TimeStamp: Sun Jan 21 2024 09:40:33 GMT+0530 (India Standard Time) error msg: Error: Something went wrong with Database","service":"error-logging"}
{"level":"error","message":"TimeStamp: Sun Jan 21 2024 09:46:12 GMT+0530 (India Standard Time) error msg: BSONError: input must be a 24 character hex string, 12 byte Uint8Array, or an integer","service":"error-logging"}
{"level":"error","message":"TimeStamp: Sun Jan 21 2024 09:46:12 GMT+0530 (India Standard Time) error msg: Error: Something went wrong with Database","service":"error-logging"}
{"level":"error","message":"TimeStamp: Sun Jan 21 2024 09:46:59 GMT+0530 (India Standard Time) error msg: BSONError: input must be a 24 character hex string, 12 byte Uint8Array, or an integer","service":"error-logging"}
{"level":"error","message":"TimeStamp: Sun Jan 21 2024 09:46:59 GMT+0530 (India Standard Time) error msg: Error: Something went wrong with Database","service":"error-logging"}
{"level":"error","message":"TimeStamp: Sun Jan 21 2024 09:49:21 GMT+0530 (India Standard Time) error msg: BSONError: input must be a 24 character hex string, 12 byte Uint8Array, or an integer","service":"error-logging"}
{"level":"error","message":"TimeStamp: Sun Jan 21 2024 09:49:21 GMT+0530 (India Standard Time) error msg: Error: Something went wrong with Database","service":"error-logging"}
{"level":"error","message":"TimeStamp: Sun Jan 21 2024 09:52:16 GMT+0530 (India Standard Time) error msg: BSONError: input must be a 24 character hex string, 12 byte Uint8Array, or an integer","service":"error-logging"}
{"level":"error","message":"TimeStamp: Sun Jan 21 2024 09:52:16 GMT+0530 (India Standard Time) error msg: Error: Something went wrong with Database","service":"error-logging"}
{"level":"error","message":"TimeStamp: Sun Jan 21 2024 17:10:22 GMT+0530 (India Standard Time) error msg: BSONError: input must be a 24 character hex string, 12 byte Uint8Array, or an integer","service":"error-logging"}
{"level":"error","message":"TimeStamp: Sun Jan 21 2024 17:10:22 GMT+0530 (India Standard Time) error msg: Error: Something went wrong with Database","service":"error-logging"}
{"level":"error","message":"TimeStamp: Sun Jan 21 2024 17:17:54 GMT+0530 (India Standard Time) error msg: BSONError: input must be a 24 character hex string, 12 byte Uint8Array, or an integer","service":"error-logging"}
{"level":"error","message":"TimeStamp: Sun Jan 21 2024 17:21:03 GMT+0530 (India Standard Time) error msg: BSONError: input must be a 24 character hex string, 12 byte Uint8Array, or an integer","service":"error-logging"}
{"level":"error","message":"TimeStamp: Sun Jan 21 2024 17:21:58 GMT+0530 (India Standard Time) error msg: BSONError: input must be a 24 character hex string, 12 byte Uint8Array, or an integer","service":"error-logging"}
{"level":"error","message":"TimeStamp: Sun Jan 21 2024 17:25:00 GMT+0530 (India Standard Time) error msg: BSONError: input must be a 24 character hex string, 12 byte Uint8Array, or an integer","service":"error-logging"}
{"level":"error","message":"TimeStamp: Sun Jan 21 2024 17:51:09 GMT+0530 (India Standard Time) error msg: BSONError: input must be a 24 character hex string, 12 byte Uint8Array, or an integer","service":"error-logging"}
{"level":"error","message":"TimeStamp: Sun Jan 21 2024 17:51:09 GMT+0530 (India Standard Time) error msg: Error: Something went wrong with Database","service":"error-logging"}
{"level":"error","message":"TimeStamp: Sun Jan 21 2024 17:51:41 GMT+0530 (India Standard Time) error msg: BSONError: input must be a 24 character hex string, 12 byte Uint8Array, or an integer","service":"error-logging"}
{"level":"error","message":"TimeStamp: Sun Jan 21 2024 17:55:47 GMT+0530 (India Standard Time) error msg: BSONError: input must be a 24 character hex string, 12 byte Uint8Array, or an integer","service":"error-logging"}
{"level":"error","message":"TimeStamp: Sun Jan 21 2024 17:55:54 GMT+0530 (India Standard Time) error msg: BSONError: input must be a 24 character hex string, 12 byte Uint8Array, or an integer","service":"error-logging"}
{"level":"error","message":"TimeStamp: Sun Jan 21 2024 17:55:54 GMT+0530 (India Standard Time) error msg: Error: Something went wrong with Database","service":"error-logging"}
{"level":"error","message":"TimeStamp: Sun Jan 21 2024 18:03:29 GMT+0530 (India Standard Time) error msg: BSONError: input must be a 24 character hex string, 12 byte Uint8Array, or an integer","service":"error-logging"}
{"level":"error","message":"TimeStamp: Sun Jan 21 2024 18:03:29 GMT+0530 (India Standard Time) error msg: Error: Something went wrong with Database","service":"error-logging"}
{"level":"error","message":"TimeStamp: Sun Jan 21 2024 18:06:13 GMT+0530 (India Standard Time) error msg: BSONError: input must be a 24 character hex string, 12 byte Uint8Array, or an integer","service":"error-logging"}
{"level":"error","message":"TimeStamp: Sun Jan 21 2024 18:06:13 GMT+0530 (India Standard Time) error msg: Error: Something went wrong with Database","service":"error-logging"}
{"level":"error","message":"TimeStamp: Sun Jan 21 2024 18:06:26 GMT+0530 (India Standard Time) error msg: BSONError: input must be a 24 character hex string, 12 byte Uint8Array, or an integer","service":"error-logging"}
{"level":"error","message":"TimeStamp: Sun Jan 21 2024 18:11:13 GMT+0530 (India Standard Time) error msg: BSONError: input must be a 24 character hex string, 12 byte Uint8Array, or an integer","service":"error-logging"}
{"level":"error","message":"TimeStamp: Sun Jan 21 2024 18:11:13 GMT+0530 (India Standard Time) error msg: Error: Something went wrong with Database","service":"error-logging"}
{"level":"error","message":"TimeStamp: Sun Jan 21 2024 18:11:27 GMT+0530 (India Standard Time) error msg: BSONError: input must be a 24 character hex string, 12 byte Uint8Array, or an integer","service":"error-logging"}
{"level":"error","message":"TimeStamp: Sun Jan 21 2024 18:11:27 GMT+0530 (India Standard Time) error msg: Error: Something went wrong with Database","service":"error-logging"}
{"level":"error","message":"TimeStamp: Sun Jan 21 2024 18:11:40 GMT+0530 (India Standard Time) error msg: BSONError: input must be a 24 character hex string, 12 byte Uint8Array, or an integer","service":"error-logging"}
{"level":"error","message":"TimeStamp: Sun Jan 21 2024 18:13:04 GMT+0530 (India Standard Time) error msg: BSONError: input must be a 24 character hex string, 12 byte Uint8Array, or an integer","service":"error-logging"}
{"level":"error","message":"TimeStamp: Sun Jan 21 2024 18:13:42 GMT+0530 (India Standard Time) error msg: BSONError: input must be a 24 character hex string, 12 byte Uint8Array, or an integer","service":"error-logging"}
{"level":"error","message":"TimeStamp: Sun Jan 21 2024 18:14:44 GMT+0530 (India Standard Time) error msg: BSONError: input must be a 24 character hex string, 12 byte Uint8Array, or an integer","service":"error-logging"}
{"level":"error","message":"TimeStamp: Sun Jan 21 2024 18:16:04 GMT+0530 (India Standard Time) error msg: BSONError: input must be a 24 character hex string, 12 byte Uint8Array, or an integer","service":"error-logging"}
{"level":"error","message":"TimeStamp: Sun Jan 21 2024 18:17:43 GMT+0530 (India Standard Time) error msg: BSONError: input must be a 24 character hex string, 12 byte Uint8Array, or an integer","service":"error-logging"}
{"level":"error","message":"TimeStamp: Sun Jan 21 2024 18:18:55 GMT+0530 (India Standard Time) error msg: BSONError: input must be a 24 character hex string, 12 byte Uint8Array, or an integer","service":"error-logging"}
{"level":"error","message":"TimeStamp: Sun Jan 21 2024 18:18:55 GMT+0530 (India Standard Time) error msg: Error: Something went wrong with Database","service":"error-logging"}
{"level":"error","message":"TimeStamp: Sun Jan 21 2024 18:19:19 GMT+0530 (India Standard Time) error msg: BSONError: input must be a 24 character hex string, 12 byte Uint8Array, or an integer","service":"error-logging"}
{"level":"error","message":"TimeStamp: Sun Jan 21 2024 18:19:19 GMT+0530 (India Standard Time) error msg: Error: Something went wrong with Database","service":"error-logging"}
{"level":"error","message":"TimeStamp: Sun Jan 21 2024 18:20:30 GMT+0530 (India Standard Time) error msg: BSONError: input must be a 24 character hex string, 12 byte Uint8Array, or an integer","service":"error-logging"}
{"level":"error","message":"TimeStamp: Sun Jan 21 2024 18:20:30 GMT+0530 (India Standard Time) error msg: Error: Something went wrong with Database","service":"error-logging"}
{"level":"error","message":"TimeStamp: Sun Jan 21 2024 18:20:50 GMT+0530 (India Standard Time) error msg: BSONError: input must be a 24 character hex string, 12 byte Uint8Array, or an integer","service":"error-logging"}
{"level":"error","message":"TimeStamp: Sun Jan 21 2024 18:20:50 GMT+0530 (India Standard Time) error msg: Error: Something went wrong with Database","service":"error-logging"}
{"level":"error","message":"TimeStamp: Sun Jan 21 2024 18:21:30 GMT+0530 (India Standard Time) error msg: BSONError: input must be a 24 character hex string, 12 byte Uint8Array, or an integer","service":"error-logging"}
{"level":"error","message":"TimeStamp: Sun Jan 21 2024 18:21:30 GMT+0530 (India Standard Time) error msg: Error: Something went wrong with Database","service":"error-logging"}
{"level":"error","message":"TimeStamp: Sun Jan 21 2024 18:42:13 GMT+0530 (India Standard Time) error msg: BSONError: input must be a 24 character hex string, 12 byte Uint8Array, or an integer","service":"error-logging"}
{"level":"error","message":"TimeStamp: Sun Jan 21 2024 18:42:13 GMT+0530 (India Standard Time) error msg: Error: Something went wrong with Database","service":"error-logging"}
{"level":"error","message":"TimeStamp: Sun Jan 21 2024 18:44:12 GMT+0530 (India Standard Time) error msg: TypeError: this.productRepository.get is not a function","service":"error-logging"}
{"level":"error","message":"TimeStamp: Sun Jan 21 2024 18:44:38 GMT+0530 (India Standard Time) error msg: TypeError: this.productRepository.get is not a function","service":"error-logging"}
{"level":"error","message":"TimeStamp: Sun Jan 21 2024 18:45:32 GMT+0530 (India Standard Time) error msg: BSONError: input must be a 24 character hex string, 12 byte Uint8Array, or an integer","service":"error-logging"}
{"level":"error","message":"TimeStamp: Sun Jan 21 2024 18:45:32 GMT+0530 (India Standard Time) error msg: Error: Something went wrong with Database","service":"error-logging"}
{"level":"error","message":"TimeStamp: Sun Jan 21 2024 18:47:25 GMT+0530 (India Standard Time) error msg: BSONError: input must be a 24 character hex string, 12 byte Uint8Array, or an integer","service":"error-logging"}
{"level":"error","message":"TimeStamp: Sun Jan 21 2024 18:47:25 GMT+0530 (India Standard Time) error msg: Error: Something went wrong with Database","service":"error-logging"}
{"level":"error","message":"TimeStamp: Sun Jan 21 2024 18:50:43 GMT+0530 (India Standard Time) error msg: BSONError: input must be a 24 character hex string, 12 byte Uint8Array, or an integer","service":"error-logging"}
{"level":"error","message":"TimeStamp: Sun Jan 21 2024 18:50:43 GMT+0530 (India Standard Time) error msg: Error: Something went wrong with Database","service":"error-logging"}
{"level":"error","message":"TimeStamp: Sun Jan 21 2024 18:51:17 GMT+0530 (India Standard Time) error msg: BSONError: input must be a 24 character hex string, 12 byte Uint8Array, or an integer","service":"error-logging"}
{"level":"error","message":"TimeStamp: Sun Jan 21 2024 18:51:17 GMT+0530 (India Standard Time) error msg: Error: Something went wrong with Database","service":"error-logging"}
{"level":"error","message":"TimeStamp: Sun Jan 21 2024 18:51:40 GMT+0530 (India Standard Time) error msg: BSONError: input must be a 24 character hex string, 12 byte Uint8Array, or an integer","service":"error-logging"}
{"level":"error","message":"TimeStamp: Sun Jan 21 2024 18:51:40 GMT+0530 (India Standard Time) error msg: Error: Something went wrong with Database","service":"error-logging"}
{"level":"error","message":"TimeStamp: Sun Jan 21 2024 18:54:21 GMT+0530 (India Standard Time) error msg: TypeError: Cannot read properties of undefined (reading 'productRepository')","service":"error-logging"}
{"level":"error","message":"TimeStamp: Sun Jan 21 2024 18:56:19 GMT+0530 (India Standard Time) error msg: TypeError: Cannot read properties of undefined (reading 'productRepository')","service":"error-logging"}
{"level":"error","message":"TimeStamp: Sun Jan 21 2024 18:58:41 GMT+0530 (India Standard Time) error msg: BSONError: input must be a 24 character hex string, 12 byte Uint8Array, or an integer","service":"error-logging"}
{"level":"error","message":"TimeStamp: Sun Jan 21 2024 18:58:41 GMT+0530 (India Standard Time) error msg: Error: Something went wrong with Database","service":"error-logging"}
{"level":"error","message":"TimeStamp: Sun Jan 21 2024 19:00:00 GMT+0530 (India Standard Time) error msg: BSONError: input must be a 24 character hex string, 12 byte Uint8Array, or an integer","service":"error-logging"}
{"level":"error","message":"TimeStamp: Sun Jan 21 2024 19:00:00 GMT+0530 (India Standard Time) error msg: Error: Something went wrong with Database","service":"error-logging"}
{"level":"error","message":"TimeStamp: Sun Jan 21 2024 19:00:18 GMT+0530 (India Standard Time) error msg: BSONError: input must be a 24 character hex string, 12 byte Uint8Array, or an integer","service":"error-logging"}
{"level":"error","message":"TimeStamp: Sun Jan 21 2024 19:00:18 GMT+0530 (India Standard Time) error msg: Error: Something went wrong with Database","service":"error-logging"}
{"level":"error","message":"TimeStamp: Mon Jan 22 2024 01:57:22 GMT+0530 (India Standard Time) error msg: MongoServerError: The positional operator did not find the match needed from the query.","service":"error-logging"}
{"level":"error","message":"TimeStamp: Mon Jan 22 2024 02:00:00 GMT+0530 (India Standard Time) error msg: MongoServerError: The positional operator did not find the match needed from the query.","service":"error-logging"}
{"level":"error","message":"TimeStamp: Thu Jan 25 2024 15:42:55 GMT+0530 (India Standard Time) error msg: BSONError: input must be a 24 character hex string, 12 byte Uint8Array, or an integer","service":"error-logging"}
{"level":"error","message":"TimeStamp: Thu Jan 25 2024 15:49:50 GMT+0530 (India Standard Time) error msg: BSONError: input must be a 24 character hex string, 12 byte Uint8Array, or an integer","service":"error-logging"}
{"level":"error","message":"TimeStamp: Thu Jan 25 2024 15:51:20 GMT+0530 (India Standard Time) error msg: TypeError: Cannot read properties of undefined (reading '_id')","service":"error-logging"}
{"level":"error","message":"TimeStamp: Thu Jan 25 2024 15:54:37 GMT+0530 (India Standard Time) error msg: MongoServerError: collection name has invalid type null","service":"error-logging"}
{"level":"error","message":"TimeStamp: Thu Jan 25 2024 15:55:18 GMT+0530 (India Standard Time) error msg: MongoServerError: collection name has invalid type null","service":"error-logging"}
{"level":"error","message":"TimeStamp: Thu Jan 25 2024 15:55:44 GMT+0530 (India Standard Time) error msg: MongoServerError: collection name has invalid type null","service":"error-logging"}
{"level":"error","message":"TimeStamp: Thu Jan 25 2024 15:59:13 GMT+0530 (India Standard Time) error msg: MongoServerError: collection name has invalid type null","service":"error-logging"}
{"level":"error","message":"TimeStamp: Thu Jan 25 2024 17:07:53 GMT+0530 (India Standard Time) error msg: BSONError: input must be a 24 character hex string, 12 byte Uint8Array, or an integer","service":"error-logging"}
{"level":"error","message":"TimeStamp: Thu Jan 25 2024 17:13:38 GMT+0530 (India Standard Time) error msg: BSONError: input must be a 24 character hex string, 12 byte Uint8Array, or an integer","service":"error-logging"}
{"level":"error","message":"TimeStamp: Thu Jan 25 2024 17:33:20 GMT+0530 (India Standard Time) error msg: ReferenceError: id is not defined","service":"error-logging"}
{"level":"error","message":"TimeStamp: Fri Jan 26 2024 05:12:52 GMT+0530 (India Standard Time) error msg: BSONError: input must be a 24 character hex string, 12 byte Uint8Array, or an integer","service":"error-logging"}
{"level":"error","message":"TimeStamp: Fri Jan 26 2024 05:13:50 GMT+0530 (India Standard Time) error msg: TypeError: Cannot read properties of undefined (reading 'replace')","service":"error-logging"}
{"level":"error","message":"TimeStamp: Fri Jan 26 2024 05:13:50 GMT+0530 (India Standard Time) error msg: Error: Something went wrong with Database","service":"error-logging"}
{"level":"error","message":"TimeStamp: Fri Jan 26 2024 05:14:25 GMT+0530 (India Standard Time) error msg: TypeError: Cannot read properties of undefined (reading 'replace')","service":"error-logging"}
{"level":"error","message":"TimeStamp: Fri Jan 26 2024 05:14:25 GMT+0530 (India Standard Time) error msg: Error: Something went wrong with Database","service":"error-logging"}
{"level":"error","message":"TimeStamp: Fri Jan 26 2024 05:14:44 GMT+0530 (India Standard Time) error msg: TypeError: Cannot read properties of undefined (reading 'filename')","service":"error-logging"}
{"level":"error","message":"TimeStamp: Fri Jan 26 2024 05:17:09 GMT+0530 (India Standard Time) error msg: TypeError: Cannot read properties of undefined (reading 'replace')","service":"error-logging"}
{"level":"error","message":"TimeStamp: Fri Jan 26 2024 05:17:09 GMT+0530 (India Standard Time) error msg: Error: Something went wrong with Database","service":"error-logging"}
{"level":"error","message":"TimeStamp: Fri Jan 26 2024 05:19:12 GMT+0530 (India Standard Time) error msg: MongoServerError: $in needs an array","service":"error-logging"}
{"level":"error","message":"TimeStamp: Fri Jan 26 2024 05:55:31 GMT+0530 (India Standard Time) error msg: BSONError: input must be a 24 character hex string, 12 byte Uint8Array, or an integer","service":"error-logging"}
{"level":"error","message":"TimeStamp: Fri Jan 26 2024 05:55:31 GMT+0530 (India Standard Time) error msg: Error: Something went wrong with Database","service":"error-logging"}
{"level":"error","message":"TimeStamp: Fri Jan 26 2024 05:56:19 GMT+0530 (India Standard Time) error msg: MongoInvalidArgumentError: Argument \"pipeline\" must be an array of aggregation stages","service":"error-logging"}
{"level":"error","message":"TimeStamp: Fri Jan 26 2024 05:56:19 GMT+0530 (India Standard Time) error msg: Error: Something went wrong with Database","service":"error-logging"}
{"level":"error","message":"TimeStamp: Fri Jan 26 2024 10:41:48 GMT+0530 (India Standard Time) error msg: MongoServerError: Transaction numbers are only allowed on a replica set member or mongos","service":"error-logging"}
{"level":"error","message":"TimeStamp: Fri Jan 26 2024 10:41:53 GMT+0530 (India Standard Time) error msg: MongoServerError: Transaction numbers are only allowed on a replica set member or mongos","service":"error-logging"}
{"level":"error","message":"TimeStamp: Fri Jan 26 2024 11:15:08 GMT+0530 (India Standard Time) error msg: ReferenceError: OrderModel is not defined","service":"error-logging"}
{"level":"error","message":"TimeStamp: Fri Jan 26 2024 11:22:48 GMT+0530 (India Standard Time) error msg: TypeError: Cannot read properties of undefined (reading 'db')","service":"error-logging"}
{"level":"error","message":"TimeStamp: Fri Jan 26 2024 11:22:48 GMT+0530 (India Standard Time) error msg: Error: Something went wrong with Database","service":"error-logging"}
{"level":"error","message":"TimeStamp: Sat Jan 27 2024 21:36:48 GMT+0530 (India Standard Time) error msg: TypeError: Cannot read properties of null (reading 'value')","service":"error-logging"}
{"level":"error","message":"TimeStamp: Sat Jan 27 2024 21:42:23 GMT+0530 (India Standard Time) error msg: MongoServerError: Transaction numbers are only allowed on a replica set member or mongos","service":"error-logging"}
{"level":"error","message":"TimeStamp: Sat Jan 27 2024 21:44:39 GMT+0530 (India Standard Time) error msg: TypeError: Cannot read properties of null (reading 'value')","service":"error-logging"}
{"level":"error","message":"TimeStamp: Sat Jan 27 2024 21:47:12 GMT+0530 (India Standard Time) error msg: TypeError: Cannot read properties of null (reading 'value')","service":"error-logging"}
{"level":"error","message":"TimeStamp: Tue Feb 06 2024 14:01:53 GMT+0530 (India Standard Time) error msg: ValidationError: type: `customer` is not a valid enum value for path `type`.","service":"error-logging"}
{"level":"error","message":"TimeStamp: Tue Feb 06 2024 14:01:53 GMT+0530 (India Standard Time) error msg: Error: Something went wrong with database","service":"error-logging"}
{"level":"error","message":"TimeStamp: Tue Feb 06 2024 14:06:21 GMT+0530 (India Standard Time) error msg: MongoServerError: E11000 duplicate key error collection: ecomdb.users index: email_1 dup key: { email: \"johndoe@ecom.com\" }","service":"error-logging"}
{"level":"error","message":"TimeStamp: Tue Feb 06 2024 14:06:21 GMT+0530 (India Standard Time) error msg: Error: Something went wrong with database","service":"error-logging"}
{"level":"error","message":"TimeStamp: Tue Feb 06 2024 15:45:07 GMT+0530 (India Standard Time) error msg: ValidationError: password: Password should be between 8-12 characters and should have a special character","service":"error-logging"}
{"level":"error","message":"TimeStamp: Tue Feb 06 2024 15:50:11 GMT+0530 (India Standard Time) error msg: ValidationError: password: Password should be between 8-12 characters and should have a special character","service":"error-logging"}
{"level":"error","message":"TimeStamp: Tue Feb 06 2024 15:54:40 GMT+0530 (India Standard Time) error msg: ValidationError: password: Password should be between 8-12 characters and should have a special character","service":"error-logging"}
{"level":"error","message":"TimeStamp: Tue Feb 06 2024 15:56:12 GMT+0530 (India Standard Time) error msg: ValidationError: password: Password should be between 8-12 characters and should have a special character","service":"error-logging"}
{"level":"error","message":"TimeStamp: Tue Feb 06 2024 15:56:31 GMT+0530 (India Standard Time) error msg: ValidationError: password: Password should be between 8-12 characters and should have a special character","service":"error-logging"}
{"level":"error","message":"TimeStamp: Tue Feb 06 2024 15:57:51 GMT+0530 (India Standard Time) error msg: ValidationError: password: Password should be between 8-12 characters and should have a special character","service":"error-logging"}
{"level":"error","message":"TimeStamp: Tue Feb 06 2024 15:58:04 GMT+0530 (India Standard Time) error msg: ValidationError: password: Password should be between 8-12 characters and should have a special character","service":"error-logging"}
{"level":"error","message":"TimeStamp: Tue Feb 06 2024 15:59:52 GMT+0530 (India Standard Time) error msg: ValidationError: password: Password should be between 8-12 characters and should have a special character","service":"error-logging"}
{"level":"error","message":"TimeStamp: Tue Feb 06 2024 16:00:42 GMT+0530 (India Standard Time) error msg: ValidationError: password: Password should be between 8-12 characters and should have a special character","service":"error-logging"}
{"level":"error","message":"TimeStamp: Tue Feb 06 2024 16:01:20 GMT+0530 (India Standard Time) error msg: ValidationError: password: Password should be between 8-12 characters and should have a special character","service":"error-logging"}
{"level":"error","message":"TimeStamp: Tue Feb 06 2024 16:03:25 GMT+0530 (India Standard Time) error msg: ValidationError: password: Password should be between 8-12 charachetrs and have a special character","service":"error-logging"}
{"level":"error","message":"TimeStamp: Tue Feb 06 2024 16:05:06 GMT+0530 (India Standard Time) error msg: MongoServerError: E11000 duplicate key error collection: ecomdb.users index: email_1 dup key: { email: \"prince@ecom.com\" }","service":"error-logging"}
{"level":"error","message":"TimeStamp: Tue Feb 06 2024 16:05:06 GMT+0530 (India Standard Time) error msg: Error: Something went wrong with database","service":"error-logging"}
{"level":"error","message":"TimeStamp: Tue Feb 06 2024 16:07:08 GMT+0530 (India Standard Time) error msg: MongoServerError: E11000 duplicate key error collection: ecomdb.users index: email_1 dup key: { email: \"prince@ecom.com\" }","service":"error-logging"}
{"level":"error","message":"TimeStamp: Tue Feb 06 2024 16:07:08 GMT+0530 (India Standard Time) error msg: Error: Something went wrong with database","service":"error-logging"}
{"level":"error","message":"TimeStamp: Tue Feb 06 2024 16:07:45 GMT+0530 (India Standard Time) error msg: MongoServerError: E11000 duplicate key error collection: ecomdb.users index: email_1 dup key: { email: \"prince@ecom.com\" }","service":"error-logging"}
{"level":"error","message":"TimeStamp: Tue Feb 06 2024 16:07:45 GMT+0530 (India Standard Time) error msg: Error: Something went wrong with database","service":"error-logging"}
{"level":"error","message":"TimeStamp: Tue Feb 06 2024 16:09:22 GMT+0530 (India Standard Time) error msg: ValidationError: email: Please enter a valid email","service":"error-logging"}
{"level":"error","message":"TimeStamp: Tue Feb 06 2024 16:09:29 GMT+0530 (India Standard Time) error msg: ValidationError: email: Please enter a valid email","service":"error-logging"}
{"level":"error","message":"TimeStamp: Tue Feb 06 2024 16:09:41 GMT+0530 (India Standard Time) error msg: ValidationError: password: Password should be between 8-12 characters and should have a special character","service":"error-logging"}
{"level":"error","message":"TimeStamp: Tue Feb 06 2024 16:09:47 GMT+0530 (India Standard Time) error msg: ValidationError: password: Password should be between 8-12 characters and should have a special character","service":"error-logging"}
{"level":"error","message":"TimeStamp: Tue Feb 06 2024 16:09:53 GMT+0530 (India Standard Time) error msg: ValidationError: password: Password should be between 8-12 characters and should have a special character","service":"error-logging"}
{"level":"error","message":"TimeStamp: Tue Feb 06 2024 16:10:02 GMT+0530 (India Standard Time) error msg: MongoServerError: E11000 duplicate key error collection: ecomdb.users index: email_1 dup key: { email: \"prince@ecom.com\" }","service":"error-logging"}
{"level":"error","message":"TimeStamp: Tue Feb 06 2024 16:10:02 GMT+0530 (India Standard Time) error msg: Error: Something went wrong with database","service":"error-logging"}
{"level":"error","message":"TimeStamp: Tue Feb 06 2024 16:11:06 GMT+0530 (India Standard Time) error msg: MongoServerError: E11000 duplicate key error collection: ecomdb.users index: email_1 dup key: { email: \"prince@ecom.com\" }","service":"error-logging"}
{"level":"error","message":"TimeStamp: Tue Feb 06 2024 16:11:06 GMT+0530 (India Standard Time) error msg: Error: Something went wrong with database","service":"error-logging"}
{"level":"error","message":"TimeStamp: Tue Feb 06 2024 16:12:30 GMT+0530 (India Standard Time) error msg: ValidationError: password: Password should be between 8-12 characters and should have a special character","service":"error-logging"}
{"level":"error","message":"TimeStamp: Tue Feb 06 2024 16:12:35 GMT+0530 (India Standard Time) error msg: ValidationError: password: Password should be between 8-12 characters and should have a special character","service":"error-logging"}
{"level":"error","message":"TimeStamp: Tue Feb 06 2024 16:13:21 GMT+0530 (India Standard Time) error msg: ValidationError: password: Password should be between 8-12 characters and should have a special character","service":"error-logging"}
{"level":"error","message":"TimeStamp: Tue Feb 06 2024 16:14:12 GMT+0530 (India Standard Time) error msg: ValidationError: password: Password should be between 8-12 characters and should have a special character","service":"error-logging"}
{"level":"error","message":"TimeStamp: Tue Feb 06 2024 16:14:35 GMT+0530 (India Standard Time) error msg: ValidationError: password: Password should be between 8-12 characters and should have a special character","service":"error-logging"}
{"level":"error","message":"TimeStamp: Tue Feb 06 2024 16:17:34 GMT+0530 (India Standard Time) error msg: MongoServerError: E11000 duplicate key error collection: ecomdb.users index: email_1 dup key: { email: \"prince123@ecom.com\" }","service":"error-logging"}
{"level":"error","message":"TimeStamp: Tue Feb 06 2024 16:17:34 GMT+0530 (India Standard Time) error msg: Error: Something went wrong with database","service":"error-logging"}
{"level":"error","message":"TimeStamp: Wed Feb 07 2024 00:52:51 GMT+0530 (India Standard Time) error msg: Error: Product not Found","service":"error-logging"}
{"level":"error","message":"TimeStamp: Wed Feb 07 2024 17:23:45 GMT+0530 (India Standard Time) error msg: TypeError: Cannot read properties of undefined (reading 'filename')","service":"error-logging"}
{"level":"error","message":"TimeStamp: Wed Feb 07 2024 17:25:02 GMT+0530 (India Standard Time) error msg: TypeError: Cannot read properties of undefined (reading 'filename')","service":"error-logging"}
{"level":"error","message":"TimeStamp: Wed Feb 07 2024 17:25:21 GMT+0530 (India Standard Time) error msg: TypeError: Cannot read properties of undefined (reading 'filename')","service":"error-logging"}
{"level":"error","message":"TimeStamp: Wed Feb 07 2024 17:31:41 GMT+0530 (India Standard Time) error msg: TypeError: Cannot read properties of undefined (reading 'filename')","service":"error-logging"}
{"level":"error","message":"TimeStamp: Wed Feb 07 2024 17:40:01 GMT+0530 (India Standard Time) error msg: TypeError: Cannot read properties of undefined (reading 'filename')","service":"error-logging"}
{"level":"error","message":"TimeStamp: Wed Feb 07 2024 17:40:27 GMT+0530 (India Standard Time) error msg: TypeError: Cannot read properties of undefined (reading 'filename')","service":"error-logging"}
{"level":"error","message":"TimeStamp: Wed Feb 07 2024 17:41:20 GMT+0530 (India Standard Time) error msg: TypeError: Cannot read properties of undefined (reading 'split')","service":"error-logging"}
{"level":"error","message":"TimeStamp: Wed Feb 07 2024 17:42:00 GMT+0530 (India Standard Time) error msg: ValidationError: category: Cast to string failed for value \"[ 'X', 'XL', 'M' ]\" (type Array) at path \"category\"","service":"error-logging"}
{"level":"error","message":"TimeStamp: Wed Feb 07 2024 17:42:00 GMT+0530 (India Standard Time) error msg: Error: Something went wrong with Database","service":"error-logging"}
{"level":"error","message":"TimeStamp: Wed Feb 07 2024 17:43:38 GMT+0530 (India Standard Time) error msg: ValidationError: category: Cast to string failed for value \"[ 'X', 'XL', 'M' ]\" (type Array) at path \"category\"","service":"error-logging"}
{"level":"error","message":"TimeStamp: Wed Feb 07 2024 17:43:38 GMT+0530 (India Standard Time) error msg: Error: Something went wrong with Database","service":"error-logging"}
{"level":"error","message":"TimeStamp: Thu Feb 08 2024 21:43:31 GMT+0530 (India Standard Time) error msg: TypeError: console is not a function","service":"error-logging"}
{"level":"error","message":"TimeStamp: Thu Feb 08 2024 21:43:31 GMT+0530 (India Standard Time) error msg: Error: Something went wrong with Database","service":"error-logging"}
{"level":"error","message":"TimeStamp: Thu Feb 08 2024 21:43:57 GMT+0530 (India Standard Time) error msg: TypeError: next is not a function","service":"error-logging"}
{"level":"error","message":"TimeStamp: Thu Feb 08 2024 21:43:57 GMT+0530 (India Standard Time) error msg: Error: Something went wrong with Database","service":"error-logging"}
{"level":"error","message":"TimeStamp: Thu Feb 08 2024 22:14:32 GMT+0530 (India Standard Time) error msg: MongoAPIError: URI must include hostname, domain name, and tld","service":"error-logging"}
{"level":"error","message":"TimeStamp: Thu Feb 08 2024 22:19:46 GMT+0530 (India Standard Time) error msg: MongoAPIError: URI must include hostname, domain name, and tld","service":"error-logging"}
{"level":"error","message":"TimeStamp: Thu Feb 08 2024 22:20:17 GMT+0530 (India Standard Time) error msg: MongoAPIError: URI must include hostname, domain name, and tld","service":"error-logging"}
{"level":"error","message":"TimeStamp: Thu Feb 08 2024 22:20:30 GMT+0530 (India Standard Time) error msg: MongoAPIError: URI must include hostname, domain name, and tld","service":"error-logging"}
